{"level":"info","message":"Category deleted by admin123@gmail.com: Kỹ thuật phần cứng","timestamp":"2025-05-21 01:57:20"}
{"level":"info","message":"User login: tuanphamu23@gmail.com | role: member","timestamp":"2025-05-21 02:03:15"}
{"level":"warn","message":"Access denied for non-admin user","timestamp":"2025-05-21 02:04:11","user":{"_id":"682b59726591242199306860","email":"tuanphamu23@gmail.com","role":"member"}}
{"level":"info","message":"User login: tuanphamu23@gmail.com | role: member","timestamp":"2025-05-21 08:43:03"}
{"error":"jwt expired","ip":"::1","level":"error","message":"Authentication error","timestamp":"2025-05-21 08:53:50","url":"/api/v1/users/me","userAgent":"Mozilla/5.0 (Windows NT 10.0; Win64; x64) AppleWebKit/537.36 (KHTML, like Gecko) Chrome/136.0.0.0 Safari/537.36"}
{"error":"jwt expired","ip":"::1","level":"error","message":"Authentication error","timestamp":"2025-05-21 08:53:50","url":"/api/v1/users/me","userAgent":"Mozilla/5.0 (Windows NT 10.0; Win64; x64) AppleWebKit/537.36 (KHTML, like Gecko) Chrome/136.0.0.0 Safari/537.36"}
{"level":"info","message":"Access token refreshed for userId: 682c02b3bdef5dcb9f3fc632","timestamp":"2025-05-21 08:53:50"}
{"level":"info","message":"User login: tuanphamu23@gmail.com | role: member","timestamp":"2025-05-21 09:25:06"}
{"level":"error","message":"Download document error: Download is not defined","stack":"ReferenceError: Download is not defined\n    at exports.downloadDocument (D:\\DoAn\\quan-ly-thu-vien-online\\backend-tram-tri-thuc\\src\\controller\\document.controller.js:107:9)\n    at process.processTicksAndRejections (node:internal/process/task_queues:105:5)","timestamp":"2025-05-21 09:25:47"}
{"level":"error","message":"Download document error: Download is not defined","stack":"ReferenceError: Download is not defined\n    at exports.downloadDocument (D:\\DoAn\\quan-ly-thu-vien-online\\backend-tram-tri-thuc\\src\\controller\\document.controller.js:107:9)\n    at process.processTicksAndRejections (node:internal/process/task_queues:105:5)","timestamp":"2025-05-21 09:27:40"}
{"level":"info","message":"User login: uploader123@gmail.com | role: uploader","timestamp":"2025-05-21 09:31:27"}
{"level":"error","message":"Upload document error: Document validation failed: fileName: Path `fileName` is required.","stack":"ValidationError: Document validation failed: fileName: Path `fileName` is required.\n    at Document.invalidate (D:\\DoAn\\quan-ly-thu-vien-online\\backend-tram-tri-thuc\\node_modules\\mongoose\\lib\\document.js:3343:32)\n    at D:\\DoAn\\quan-ly-thu-vien-online\\backend-tram-tri-thuc\\node_modules\\mongoose\\lib\\document.js:3104:17\n    at D:\\DoAn\\quan-ly-thu-vien-online\\backend-tram-tri-thuc\\node_modules\\mongoose\\lib\\schemaType.js:1407:9\n    at process.processTicksAndRejections (node:internal/process/task_queues:85:11)","timestamp":"2025-05-21 09:32:31"}
{"level":"error","message":"Update document error: Document validation failed: fileName: Path `fileName` is required.","stack":"ValidationError: Document validation failed: fileName: Path `fileName` is required.\n    at Document.invalidate (D:\\DoAn\\quan-ly-thu-vien-online\\backend-tram-tri-thuc\\node_modules\\mongoose\\lib\\document.js:3343:32)\n    at D:\\DoAn\\quan-ly-thu-vien-online\\backend-tram-tri-thuc\\node_modules\\mongoose\\lib\\document.js:3104:17\n    at D:\\DoAn\\quan-ly-thu-vien-online\\backend-tram-tri-thuc\\node_modules\\mongoose\\lib\\schemaType.js:1407:9\n    at process.processTicksAndRejections (node:internal/process/task_queues:85:11)","timestamp":"2025-05-21 09:38:50"}
{"code":"ERR_INVALID_ARG_TYPE","level":"error","message":"Delete document error: The \"path\" argument must be of type string. Received undefined","stack":"TypeError [ERR_INVALID_ARG_TYPE]: The \"path\" argument must be of type string. Received undefined\n    at Object.join (node:path:460:7)\n    at exports.deleteDocument (D:\\DoAn\\quan-ly-thu-vien-online\\backend-tram-tri-thuc\\src\\controller\\document.controller.js:282:31)\n    at process.processTicksAndRejections (node:internal/process/task_queues:105:5)","timestamp":"2025-05-21 09:40:46"}
{"level":"info","message":"User login: uploader123@gmail.com | role: uploader","timestamp":"2025-05-21 09:40:58"}
{"code":"ERR_INVALID_ARG_TYPE","level":"error","message":"Delete document error: The \"path\" argument must be of type string. Received undefined","stack":"TypeError [ERR_INVALID_ARG_TYPE]: The \"path\" argument must be of type string. Received undefined\n    at Object.join (node:path:460:7)\n    at exports.deleteDocument (D:\\DoAn\\quan-ly-thu-vien-online\\backend-tram-tri-thuc\\src\\controller\\document.controller.js:282:31)\n    at process.processTicksAndRejections (node:internal/process/task_queues:105:5)","timestamp":"2025-05-21 09:41:46"}
{"level":"info","message":"User login: admin123@gmail.com | role: admin","timestamp":"2025-05-21 09:43:53"}
{"_message":"Document validation failed","errors":{"fileName":{"kind":"required","message":"Path `fileName` is required.","name":"ValidatorError","path":"fileName","properties":{"message":"Path `fileName` is required.","path":"fileName","type":"required"}}},"level":"error","message":"Approve document error: Document validation failed: fileName: Path `fileName` is required.","stack":"ValidationError: Document validation failed: fileName: Path `fileName` is required.\n    at Document.invalidate (D:\\DoAn\\quan-ly-thu-vien-online\\backend-tram-tri-thuc\\node_modules\\mongoose\\lib\\document.js:3343:32)\n    at D:\\DoAn\\quan-ly-thu-vien-online\\backend-tram-tri-thuc\\node_modules\\mongoose\\lib\\document.js:3104:17\n    at D:\\DoAn\\quan-ly-thu-vien-online\\backend-tram-tri-thuc\\node_modules\\mongoose\\lib\\schemaType.js:1407:9\n    at process.processTicksAndRejections (node:internal/process/task_queues:85:11)","timestamp":"2025-05-21 09:44:58"}
{"_message":"Document validation failed","errors":{"fileName":{"kind":"required","message":"Path `fileName` is required.","name":"ValidatorError","path":"fileName","properties":{"message":"Path `fileName` is required.","path":"fileName","type":"required"}}},"level":"error","message":"Approve document error: Document validation failed: fileName: Path `fileName` is required.","stack":"ValidationError: Document validation failed: fileName: Path `fileName` is required.\n    at Document.invalidate (D:\\DoAn\\quan-ly-thu-vien-online\\backend-tram-tri-thuc\\node_modules\\mongoose\\lib\\document.js:3343:32)\n    at D:\\DoAn\\quan-ly-thu-vien-online\\backend-tram-tri-thuc\\node_modules\\mongoose\\lib\\document.js:3104:17\n    at D:\\DoAn\\quan-ly-thu-vien-online\\backend-tram-tri-thuc\\node_modules\\mongoose\\lib\\schemaType.js:1407:9\n    at process.processTicksAndRejections (node:internal/process/task_queues:85:11)","timestamp":"2025-05-21 09:45:42"}
{"level":"info","message":"User login: uploader123@gmail.com | role: uploader","timestamp":"2025-05-21 09:50:23"}
{"level":"error","message":"Upload document error: Document validation failed: fileName: Path `fileName` is required.","stack":"ValidationError: Document validation failed: fileName: Path `fileName` is required.\n    at Document.invalidate (D:\\DoAn\\quan-ly-thu-vien-online\\backend-tram-tri-thuc\\node_modules\\mongoose\\lib\\document.js:3343:32)\n    at D:\\DoAn\\quan-ly-thu-vien-online\\backend-tram-tri-thuc\\node_modules\\mongoose\\lib\\document.js:3104:17\n    at D:\\DoAn\\quan-ly-thu-vien-online\\backend-tram-tri-thuc\\node_modules\\mongoose\\lib\\schemaType.js:1407:9\n    at process.processTicksAndRejections (node:internal/process/task_queues:85:11)","timestamp":"2025-05-21 09:50:49"}
{"level":"error","message":"Upload document error: Document validation failed: fileName: Path `fileName` is required.","stack":"ValidationError: Document validation failed: fileName: Path `fileName` is required.\n    at Document.invalidate (D:\\DoAn\\quan-ly-thu-vien-online\\backend-tram-tri-thuc\\node_modules\\mongoose\\lib\\document.js:3343:32)\n    at D:\\DoAn\\quan-ly-thu-vien-online\\backend-tram-tri-thuc\\node_modules\\mongoose\\lib\\document.js:3104:17\n    at D:\\DoAn\\quan-ly-thu-vien-online\\backend-tram-tri-thuc\\node_modules\\mongoose\\lib\\schemaType.js:1407:9\n    at process.processTicksAndRejections (node:internal/process/task_queues:85:11)","timestamp":"2025-05-21 09:52:38"}
{"level":"info","message":"Document uploaded by uploader123@gmail.com: Học Node.js","timestamp":"2025-05-21 10:10:24"}
{"level":"error","message":"Download document error: Download is not defined","stack":"ReferenceError: Download is not defined\n    at exports.downloadDocument (D:\\DoAn\\quan-ly-thu-vien-online\\backend-tram-tri-thuc\\src\\controller\\document.controller.js:107:9)\n    at process.processTicksAndRejections (node:internal/process/task_queues:105:5)","timestamp":"2025-05-21 10:11:52"}
{"level":"error","message":"Download document error: The \"path\" argument must be of type string. Received undefined","stack":"TypeError [ERR_INVALID_ARG_TYPE]: The \"path\" argument must be of type string. Received undefined\n    at Object.join (node:path:460:7)\n    at exports.downloadDocument (D:\\DoAn\\quan-ly-thu-vien-online\\backend-tram-tri-thuc\\src\\controller\\document.controller.js:118:31)\n    at process.processTicksAndRejections (node:internal/process/task_queues:105:5)","timestamp":"2025-05-21 10:15:57"}
{"level":"error","message":"Download document error: The \"path\" argument must be of type string. Received undefined","stack":"TypeError [ERR_INVALID_ARG_TYPE]: The \"path\" argument must be of type string. Received undefined\n    at Object.join (node:path:460:7)\n    at exports.downloadDocument (D:\\DoAn\\quan-ly-thu-vien-online\\backend-tram-tri-thuc\\src\\controller\\document.controller.js:118:31)\n    at process.processTicksAndRejections (node:internal/process/task_queues:105:5)","timestamp":"2025-05-21 10:20:05"}
{"error":"jwt expired","ip":"::1","level":"error","message":"Authentication error","timestamp":"2025-05-21 10:26:16","url":"/api/v1/documents/download/682d442088fe039bbfa288c2","userAgent":"PostmanRuntime/7.44.0"}
{"level":"info","message":"User login: uploader123@gmail.com | role: uploader","timestamp":"2025-05-21 10:26:27"}
{"error":"jwt expired","ip":"::1","level":"error","message":"Authentication error","timestamp":"2025-05-21 10:26:52","url":"/api/v1/documents/download/682d442088fe039bbfa288c2","userAgent":"PostmanRuntime/7.44.0"}
{"error":"jwt expired","ip":"::1","level":"error","message":"Authentication error","timestamp":"2025-05-21 10:30:12","url":"/api/v1/documents/download/682d442088fe039bbfa288c2","userAgent":"PostmanRuntime/7.44.0"}
{"error":"jwt expired","ip":"::1","level":"error","message":"Authentication error","timestamp":"2025-05-21 10:40:34","url":"/api/v1/documents/download/682d442088fe039bbfa288c2","userAgent":"PostmanRuntime/7.44.0"}
{"level":"info","message":"User login: tuanphamu23@gmail.com | role: member","timestamp":"2025-05-21 10:41:48"}
{"level":"info","message":"Document found: 682c25ce2d6ea23007292c75","timestamp":"2025-05-21 11:07:24"}
{"level":"error","message":"Download document error: The \"path\" argument must be of type string. Received undefined","stack":"TypeError [ERR_INVALID_ARG_TYPE]: The \"path\" argument must be of type string. Received undefined\n    at Object.join (node:path:460:7)\n    at exports.downloadDocument (D:\\DoAn\\quan-ly-thu-vien-online\\backend-tram-tri-thuc\\src\\controller\\document.controller.js:131:31)\n    at process.processTicksAndRejections (node:internal/process/task_queues:105:5)","timestamp":"2025-05-21 11:07:24"}
{"level":"info","message":"Document found: 682d442088fe039bbfa288c2","timestamp":"2025-05-21 11:19:03"}
{"level":"warn","message":"Access denied to document: 682d442088fe039bbfa288c2","timestamp":"2025-05-21 11:19:03","user":{"_id":"682b59726591242199306860","email":"tuanphamu23@gmail.com","role":"member"}}
{"level":"info","message":"Document found: 682d442088fe039bbfa288c2","timestamp":"2025-05-21 11:20:00"}
{"level":"info","message":"User login: uploader123@gmail.com | role: uploader","timestamp":"2025-05-21 11:21:15"}
{"level":"info","message":"Document uploaded by uploader123@gmail.com: Học ReactJS.js","timestamp":"2025-05-21 11:23:45"}
{"level":"error","message":"Get my documents error: Types is not defined","stack":"ReferenceError: Types is not defined\n    at exports.getMyDocuments (D:\\DoAn\\quan-ly-thu-vien-online\\backend-tram-tri-thuc\\src\\controller\\document.controller.js:226:9)\n    at Layer.handle [as handle_request] (D:\\DoAn\\quan-ly-thu-vien-online\\backend-tram-tri-thuc\\node_modules\\express\\lib\\router\\layer.js:95:5)\n    at next (D:\\DoAn\\quan-ly-thu-vien-online\\backend-tram-tri-thuc\\node_modules\\express\\lib\\router\\route.js:149:13)\n    at isUploader (D:\\DoAn\\quan-ly-thu-vien-online\\backend-tram-tri-thuc\\src\\middlewares\\isUploader.js:12:16)\n    at Layer.handle [as handle_request] (D:\\DoAn\\quan-ly-thu-vien-online\\backend-tram-tri-thuc\\node_modules\\express\\lib\\router\\layer.js:95:5)\n    at next (D:\\DoAn\\quan-ly-thu-vien-online\\backend-tram-tri-thuc\\node_modules\\express\\lib\\router\\route.js:149:13)\n    at authMiddleware (D:\\DoAn\\quan-ly-thu-vien-online\\backend-tram-tri-thuc\\src\\middlewares\\authMiddleware.js:46:9)\n    at process.processTicksAndRejections (node:internal/process/task_queues:105:5)","timestamp":"2025-05-21 11:31:29"}
{"level":"info","message":"Request: GET /api/v1/documents/me from anonymous","timestamp":"2025-05-21 11:35:14"}
{"level":"error","message":"Get my documents error: Types is not defined","stack":"ReferenceError: Types is not defined\n    at exports.getMyDocuments (D:\\DoAn\\quan-ly-thu-vien-online\\backend-tram-tri-thuc\\src\\controller\\document.controller.js:226:9)\n    at Layer.handle [as handle_request] (D:\\DoAn\\quan-ly-thu-vien-online\\backend-tram-tri-thuc\\node_modules\\express\\lib\\router\\layer.js:95:5)\n    at next (D:\\DoAn\\quan-ly-thu-vien-online\\backend-tram-tri-thuc\\node_modules\\express\\lib\\router\\route.js:149:13)\n    at isUploader (D:\\DoAn\\quan-ly-thu-vien-online\\backend-tram-tri-thuc\\src\\middlewares\\isUploader.js:12:16)\n    at Layer.handle [as handle_request] (D:\\DoAn\\quan-ly-thu-vien-online\\backend-tram-tri-thuc\\node_modules\\express\\lib\\router\\layer.js:95:5)\n    at next (D:\\DoAn\\quan-ly-thu-vien-online\\backend-tram-tri-thuc\\node_modules\\express\\lib\\router\\route.js:149:13)\n    at authMiddleware (D:\\DoAn\\quan-ly-thu-vien-online\\backend-tram-tri-thuc\\src\\middlewares\\authMiddleware.js:46:9)\n    at process.processTicksAndRejections (node:internal/process/task_queues:105:5)","timestamp":"2025-05-21 11:35:14"}
{"level":"info","message":"Request: GET /api/v1/documents/me from anonymous","timestamp":"2025-05-21 11:35:31"}
{"level":"error","message":"Get my documents error: Types is not defined","stack":"ReferenceError: Types is not defined\n    at exports.getMyDocuments (D:\\DoAn\\quan-ly-thu-vien-online\\backend-tram-tri-thuc\\src\\controller\\document.controller.js:226:9)\n    at Layer.handle [as handle_request] (D:\\DoAn\\quan-ly-thu-vien-online\\backend-tram-tri-thuc\\node_modules\\express\\lib\\router\\layer.js:95:5)\n    at next (D:\\DoAn\\quan-ly-thu-vien-online\\backend-tram-tri-thuc\\node_modules\\express\\lib\\router\\route.js:149:13)\n    at isUploader (D:\\DoAn\\quan-ly-thu-vien-online\\backend-tram-tri-thuc\\src\\middlewares\\isUploader.js:12:16)\n    at Layer.handle [as handle_request] (D:\\DoAn\\quan-ly-thu-vien-online\\backend-tram-tri-thuc\\node_modules\\express\\lib\\router\\layer.js:95:5)\n    at next (D:\\DoAn\\quan-ly-thu-vien-online\\backend-tram-tri-thuc\\node_modules\\express\\lib\\router\\route.js:149:13)\n    at authMiddleware (D:\\DoAn\\quan-ly-thu-vien-online\\backend-tram-tri-thuc\\src\\middlewares\\authMiddleware.js:46:9)\n    at process.processTicksAndRejections (node:internal/process/task_queues:105:5)","timestamp":"2025-05-21 11:35:31"}
{"level":"info","message":"Request: GET /api/v1/documents/me from anonymous","timestamp":"2025-05-21 11:37:51"}
{"level":"info","message":"Đang lấy tài liệu cho người dùng","timestamp":"2025-05-21 11:37:51","userId":"682c02b3bdef5dcb9f3fc632"}
{"level":"info","message":"Request: PATCH /api/v1/documents/682d442088fe039bbfa288c2 from anonymous","timestamp":"2025-05-21 11:41:14"}
{"level":"info","message":"Request: DELETE /api/v1/documents/682d555146f7fdb91a52b5fe from anonymous","timestamp":"2025-05-21 11:43:12"}
{"code":"ERR_INVALID_ARG_TYPE","level":"error","message":"Delete document error: The \"path\" argument must be of type string. Received undefined","stack":"TypeError [ERR_INVALID_ARG_TYPE]: The \"path\" argument must be of type string. Received undefined\n    at Object.join (node:path:460:7)\n    at exports.deleteDocument (D:\\DoAn\\quan-ly-thu-vien-online\\backend-tram-tri-thuc\\src\\controller\\document.controller.js:302:31)\n    at process.processTicksAndRejections (node:internal/process/task_queues:105:5)","timestamp":"2025-05-21 11:43:12"}
{"level":"info","message":"Request: DELETE /api/v1/documents/682d555146f7fdb91a52b5fe from anonymous","timestamp":"2025-05-21 11:43:35"}
{"code":"ERR_INVALID_ARG_TYPE","level":"error","message":"Delete document error: The \"path\" argument must be of type string. Received undefined","stack":"TypeError [ERR_INVALID_ARG_TYPE]: The \"path\" argument must be of type string. Received undefined\n    at Object.join (node:path:460:7)\n    at exports.deleteDocument (D:\\DoAn\\quan-ly-thu-vien-online\\backend-tram-tri-thuc\\src\\controller\\document.controller.js:302:31)\n    at process.processTicksAndRejections (node:internal/process/task_queues:105:5)","timestamp":"2025-05-21 11:43:36"}
{"level":"info","message":"Request: DELETE /api/v1/documents/682d555146f7fdb91a52b5fe from anonymous","timestamp":"2025-05-21 14:05:50"}
{"error":"jwt expired","ip":"::1","level":"error","message":"Authentication error","timestamp":"2025-05-21 14:05:50","url":"/api/v1/documents/682d555146f7fdb91a52b5fe","userAgent":"PostmanRuntime/7.44.0"}
{"level":"info","message":"Request: POST /api/v1/auth/login from anonymous","timestamp":"2025-05-21 14:05:58"}
{"level":"info","message":"User login: uploader123@gmail.com | role: uploader","timestamp":"2025-05-21 14:05:59"}
{"level":"info","message":"Request: DELETE /api/v1/documents/682d555146f7fdb91a52b5fe from anonymous","timestamp":"2025-05-21 14:06:32"}
{"code":"ERR_INVALID_ARG_TYPE","level":"error","message":"Delete document error: The \"path\" argument must be of type string. Received undefined","stack":"TypeError [ERR_INVALID_ARG_TYPE]: The \"path\" argument must be of type string. Received undefined\n    at Object.join (node:path:460:7)\n    at exports.deleteDocument (D:\\DoAn\\quan-ly-thu-vien-online\\backend-tram-tri-thuc\\src\\controller\\document.controller.js:302:31)\n    at process.processTicksAndRejections (node:internal/process/task_queues:105:5)","timestamp":"2025-05-21 14:06:32"}
{"level":"info","message":"Request: DELETE /api/v1/documents/682d555146f7fdb91a52b5fe from anonymous","timestamp":"2025-05-21 14:09:38"}
{"level":"error","message":"Delete document error: The \"path\" argument must be of type string. Received undefined","stack":"TypeError [ERR_INVALID_ARG_TYPE]: The \"path\" argument must be of type string. Received undefined\n    at Object.join (node:path:460:7)\n    at exports.deleteDocument (D:\\DoAn\\quan-ly-thu-vien-online\\backend-tram-tri-thuc\\src\\controller\\document.controller.js:302:31)\n    at process.processTicksAndRejections (node:internal/process/task_queues:105:5)","timestamp":"2025-05-21 14:09:38"}
{"level":"info","message":"Request: DELETE /api/v1/documents/682d555146f7fdb91a52b5fe from anonymous","timestamp":"2025-05-21 14:32:29"}
{"level":"error","message":"Delete document error: document.remove is not a function","stack":"TypeError: document.remove is not a function\n    at exports.deleteDocument (D:\\DoAn\\quan-ly-thu-vien-online\\backend-tram-tri-thuc\\src\\controller\\document.controller.js:313:24)\n    at process.processTicksAndRejections (node:internal/process/task_queues:105:5)","timestamp":"2025-05-21 14:32:29"}
{"level":"info","message":"Request: POST /api/v1/documents from anonymous","timestamp":"2025-05-21 14:33:31"}
{"level":"info","message":"Request: POST /api/v1/documents from anonymous","timestamp":"2025-05-21 14:53:45"}
{"level":"info","message":"Document uploaded by uploader123@gmail.com: Học ReactJS.js","timestamp":"2025-05-21 14:53:46"}
{"level":"info","message":"Request: POST /api/v1/documents from anonymous","timestamp":"2025-05-21 14:54:54"}
{"level":"info","message":"Document uploaded by uploader123@gmail.com: Học Node.js","timestamp":"2025-05-21 14:54:54"}
{"level":"info","message":"Request: DELETE /api/v1/documents/682d86ce223b9671689c707b from anonymous","timestamp":"2025-05-21 14:55:23"}
{"level":"info","message":"Deleted file: D:\\DoAn\\quan-ly-thu-vien-online\\backend-tram-tri-thuc\\uploads\\1747814094577-833768421-ST21A1B_PhamAnhTuan_CV.pdf","timestamp":"2025-05-21 14:55:23"}
{"level":"info","message":"Deleted thumbnail: D:\\DoAn\\quan-ly-thu-vien-online\\backend-tram-tri-thuc\\Uploads\\1747814094581-804031384-images.png","timestamp":"2025-05-21 14:55:23"}
{"level":"info","message":"Document deleted by uploader123@gmail.com: Học Node.js","timestamp":"2025-05-21 14:55:23"}
{"level":"info","message":"Request: POST /api/v1/documents from anonymous","timestamp":"2025-05-21 14:56:09"}
{"level":"info","message":"Document uploaded by uploader123@gmail.com: Học Node.js","timestamp":"2025-05-21 14:56:09"}
{"level":"info","message":"Request: POST /api/v1/auth/login from anonymous","timestamp":"2025-05-21 15:13:04"}
{"level":"info","message":"User login: admin123@gmail.com | role: admin","timestamp":"2025-05-21 15:13:05"}
{"level":"info","message":"Request: GET /api/v1/documents/feature/682d8689223b9671689c7076 from anonymous","timestamp":"2025-05-21 15:14:07"}
{"level":"info","message":"Request: GET /api/v1/documents/feature/682d8689223b9671689c7076 from anonymous","timestamp":"2025-05-21 15:16:21"}
{"level":"info","message":"Request: GET /api/v1/documents/feature/682d8719223b9671689c7083 from anonymous","timestamp":"2025-05-21 15:16:56"}
{"level":"info","message":"Request: GET /api/v1/documents/feature/682d8719223b9671689c7083 from anonymous","timestamp":"2025-05-21 15:18:30"}
{"level":"info","message":"Request: GET /api/v1/documents/feature/682d8719223b9671689c7083 from anonymous","timestamp":"2025-05-21 15:19:53"}
{"level":"info","message":"Request: PATCH /api/v1/documents/feature/682d8719223b9671689c7083 from anonymous","timestamp":"2025-05-21 15:21:45"}
{"level":"info","message":"Document featured by admin123@gmail.com: Học Node.js","timestamp":"2025-05-21 15:21:45"}
{"level":"info","message":"Request: PATCH /api/v1/documents/approve/682d8719223b9671689c7083 from anonymous","timestamp":"2025-05-21 15:23:28"}
{"level":"info","message":"Document approved by admin123@gmail.com: Học Node.js","timestamp":"2025-05-21 15:23:28"}
{"level":"info","message":"Request: GET /api/v1/documents/featured?page=1&limit=6 from anonymous","timestamp":"2025-05-21 15:24:26"}
{"level":"info","message":"Request: GET /api/v1/documents/featured?page=1&limit=6 from anonymous","timestamp":"2025-05-21 15:26:12"}
{"level":"info","message":"Request: POST /api/v1/auth/login from anonymous","timestamp":"2025-05-21 15:27:15"}
{"level":"info","message":"User login: uploader123@gmail.com | role: uploader","timestamp":"2025-05-21 15:27:15"}
{"level":"info","message":"Request: GET /api/v1/documents/featured?page=1&limit=6 from anonymous","timestamp":"2025-05-21 15:27:39"}
{"level":"info","message":"Request: GET /api/v1/documents/featured?page=1&limit=6 from anonymous","timestamp":"2025-05-21 15:44:46"}
