{"error":"jwt is not defined","level":"error","message":"Server error during logout:","timestamp":"2025-05-14 09:41:27"}
{"error":"jwt is not defined","level":"error","message":"Server error during logout:","timestamp":"2025-05-14 09:42:58"}
{"error":"Invalid or expired verification token","level":"error","message":"Error verifying email:","timestamp":"2025-05-14 10:42:26"}
{"error":"Invalid or expired verification token","level":"error","message":"Error verifying email:","timestamp":"2025-05-14 10:42:26"}
{"error":"Invalid or expired verification token","level":"error","message":"Error verifying email:","timestamp":"2025-05-14 10:42:31"}
{"error":"Invalid or expired verification token","level":"error","message":"Error verifying email:","timestamp":"2025-05-14 11:32:33"}
{"error":"Invalid or expired verification token","level":"error","message":"Error verifying email:","timestamp":"2025-05-14 11:32:33"}
{"error":"Email already in use","level":"error","message":"Registration failed for tuan93834@donga.edu.vn","timestamp":"2025-05-14 16:00:46"}
{"email":"tuan93834@donga.edu.vn","error":"Email already in use","level":"error","message":"Server error during registration:","timestamp":"2025-05-14 16:00:46"}
{"error":"Cannot read properties of undefined (reading 'filter')","level":"error","message":"Get User Downloads Error","timestamp":"2025-05-18 09:23:37"}
{"error":"Cannot read properties of undefined (reading 'filter')","level":"error","message":"Get User Downloads Error","timestamp":"2025-05-18 09:23:37"}
{"error":"Cannot read properties of undefined (reading 'filter')","level":"error","message":"Get User Downloads Error","timestamp":"2025-05-18 09:23:44"}
{"error":"Cannot read properties of undefined (reading 'filter')","level":"error","message":"Get User Downloads Error","timestamp":"2025-05-18 09:23:44"}
{"error":"Cannot read properties of undefined (reading 'filter')","level":"error","message":"Get User Downloads Error","timestamp":"2025-05-18 09:23:55"}
{"error":"Cannot read properties of undefined (reading 'filter')","level":"error","message":"Get User Downloads Error","timestamp":"2025-05-18 09:23:55"}
{"error":"Cannot read properties of undefined (reading 'filter')","level":"error","message":"Get User Downloads Error","timestamp":"2025-05-18 09:29:10"}
{"error":"Cannot read properties of undefined (reading 'filter')","level":"error","message":"Get User Downloads Error","timestamp":"2025-05-18 09:29:10"}
{"error":"Cannot read properties of undefined (reading 'filter')","level":"error","message":"Get User Downloads Error","timestamp":"2025-05-18 09:29:12"}
{"error":"Cannot read properties of undefined (reading 'filter')","level":"error","message":"Get User Downloads Error","timestamp":"2025-05-18 09:29:12"}
{"error":"Cannot read properties of undefined (reading 'filter')","level":"error","message":"Get User Downloads Error","timestamp":"2025-05-18 09:29:14"}
{"error":"Cannot read properties of undefined (reading 'filter')","level":"error","message":"Get User Downloads Error","timestamp":"2025-05-18 09:29:14"}
{"error":"Cannot read properties of undefined (reading 'filter')","level":"error","message":"Get User Downloads Error","timestamp":"2025-05-18 09:29:22"}
{"error":"Cannot read properties of undefined (reading 'filter')","level":"error","message":"Get User Downloads Error","timestamp":"2025-05-18 09:29:22"}
{"error":"Cannot read properties of undefined (reading 'filter')","level":"error","message":"Get User Downloads Error","timestamp":"2025-05-18 09:47:25"}
{"error":"Cannot read properties of undefined (reading 'filter')","level":"error","message":"Get User Downloads Error","timestamp":"2025-05-18 09:47:25"}
{"error":"Cannot read properties of undefined (reading 'filter')","level":"error","message":"Get User Downloads Error","timestamp":"2025-05-18 09:55:15"}
{"error":"Cannot read properties of undefined (reading 'filter')","level":"error","message":"Get User Downloads Error","timestamp":"2025-05-18 09:55:15"}
{"error":"Cannot read properties of undefined (reading 'filter')","level":"error","message":"Get User Downloads Error","timestamp":"2025-05-18 10:00:21"}
{"error":"Cannot read properties of undefined (reading 'filter')","level":"error","message":"Get User Downloads Error","timestamp":"2025-05-18 10:00:21"}
{"error":"Cannot read properties of undefined (reading 'filter')","level":"error","message":"Get User Downloads Error","timestamp":"2025-05-18 10:08:43"}
{"error":"Cannot read properties of undefined (reading 'filter')","level":"error","message":"Get User Downloads Error","timestamp":"2025-05-18 10:08:43"}
{"error":"Cannot read properties of undefined (reading 'filter')","level":"error","message":"Get User Downloads Error","timestamp":"2025-05-18 10:16:24"}
{"error":"Cannot read properties of undefined (reading 'filter')","level":"error","message":"Get User Downloads Error","timestamp":"2025-05-18 10:16:24"}
{"error":"Cannot read properties of undefined (reading 'filter')","level":"error","message":"Get User Downloads Error","timestamp":"2025-05-18 10:29:38"}
{"error":"Cannot read properties of undefined (reading 'filter')","level":"error","message":"Get User Downloads Error","timestamp":"2025-05-18 10:29:38"}
{"error":"Cannot read properties of undefined (reading 'filter')","level":"error","message":"Get User Downloads Error","timestamp":"2025-05-18 10:32:16"}
{"error":"Cannot read properties of undefined (reading 'filter')","level":"error","message":"Get User Downloads Error","timestamp":"2025-05-18 10:32:16"}
{"error":"Cannot read properties of undefined (reading 'filter')","level":"error","message":"Get User Downloads Error","timestamp":"2025-05-18 10:34:09"}
{"error":"Cannot read properties of undefined (reading 'filter')","level":"error","message":"Get User Downloads Error","timestamp":"2025-05-18 10:34:09"}
{"error":"Cannot read properties of undefined (reading 'filter')","level":"error","message":"Get User Downloads Error","timestamp":"2025-05-18 13:23:29"}
{"error":"Cannot read properties of undefined (reading 'filter')","level":"error","message":"Get User Downloads Error","timestamp":"2025-05-18 13:23:29"}
{"error":"Cannot read properties of undefined (reading 'filter')","level":"error","message":"Get User Downloads Error","timestamp":"2025-05-18 13:23:37"}
{"error":"Cannot read properties of undefined (reading 'filter')","level":"error","message":"Get User Downloads Error","timestamp":"2025-05-18 13:23:37"}
{"error":"Cannot read properties of undefined (reading 'filter')","level":"error","message":"Get User Downloads Error","timestamp":"2025-05-18 13:23:38"}
{"error":"Cannot read properties of undefined (reading 'filter')","level":"error","message":"Get User Downloads Error","timestamp":"2025-05-18 13:23:38"}
{"error":"Cannot read properties of undefined (reading 'filter')","level":"error","message":"Get User Downloads Error","timestamp":"2025-05-18 13:37:18"}
{"error":"Cannot read properties of undefined (reading 'filter')","level":"error","message":"Get User Downloads Error","timestamp":"2025-05-18 13:37:18"}
{"level":"error","message":"Login error: secretOrPrivateKey must have a value","stack":"Error: secretOrPrivateKey must have a value\n    at module.exports [as sign] (D:\\DoAn\\quan-ly-thu-vien-online\\backend-tram-tri-thuc\\node_modules\\jsonwebtoken\\sign.js:111:20)\n    at createAccessToken (D:\\DoAn\\quan-ly-thu-vien-online\\backend-tram-tri-thuc\\src\\controller\\auth.controller.js:9:9)\n    at exports.login (D:\\DoAn\\quan-ly-thu-vien-online\\backend-tram-tri-thuc\\src\\controller\\auth.controller.js:69:29)","timestamp":"2025-05-18 16:40:36"}
{"level":"error","message":"Login error: secretOrPrivateKey must have a value","stack":"Error: secretOrPrivateKey must have a value\n    at module.exports [as sign] (D:\\DoAn\\quan-ly-thu-vien-online\\backend-tram-tri-thuc\\node_modules\\jsonwebtoken\\sign.js:111:20)\n    at createAccessToken (D:\\DoAn\\quan-ly-thu-vien-online\\backend-tram-tri-thuc\\src\\controller\\auth.controller.js:9:9)\n    at exports.login (D:\\DoAn\\quan-ly-thu-vien-online\\backend-tram-tri-thuc\\src\\controller\\auth.controller.js:69:29)","timestamp":"2025-05-18 16:47:34"}
{"level":"error","message":"Refresh token error: secret or public key must be provided","name":"JsonWebTokenError","stack":"JsonWebTokenError: secret or public key must be provided\n    at D:\\DoAn\\quan-ly-thu-vien-online\\backend-tram-tri-thuc\\node_modules\\jsonwebtoken\\verify.js:113:19\n    at getSecret (D:\\DoAn\\quan-ly-thu-vien-online\\backend-tram-tri-thuc\\node_modules\\jsonwebtoken\\verify.js:97:14)\n    at module.exports [as verify] (D:\\DoAn\\quan-ly-thu-vien-online\\backend-tram-tri-thuc\\node_modules\\jsonwebtoken\\verify.js:101:10)\n    at exports.refreshToken (D:\\DoAn\\quan-ly-thu-vien-online\\backend-tram-tri-thuc\\src\\controller\\auth.controller.js:177:29)\n    at Layer.handle [as handle_request] (D:\\DoAn\\quan-ly-thu-vien-online\\backend-tram-tri-thuc\\node_modules\\express\\lib\\router\\layer.js:95:5)\n    at next (D:\\DoAn\\quan-ly-thu-vien-online\\backend-tram-tri-thuc\\node_modules\\express\\lib\\router\\route.js:149:13)\n    at Route.dispatch (D:\\DoAn\\quan-ly-thu-vien-online\\backend-tram-tri-thuc\\node_modules\\express\\lib\\router\\route.js:119:3)\n    at Layer.handle [as handle_request] (D:\\DoAn\\quan-ly-thu-vien-online\\backend-tram-tri-thuc\\node_modules\\express\\lib\\router\\layer.js:95:5)\n    at D:\\DoAn\\quan-ly-thu-vien-online\\backend-tram-tri-thuc\\node_modules\\express\\lib\\router\\index.js:284:15\n    at Function.process_params (D:\\DoAn\\quan-ly-thu-vien-online\\backend-tram-tri-thuc\\node_modules\\express\\lib\\router\\index.js:346:12)","timestamp":"2025-05-18 17:13:07"}
{"level":"error","message":"Refresh token error: secret or public key must be provided","name":"JsonWebTokenError","stack":"JsonWebTokenError: secret or public key must be provided\n    at D:\\DoAn\\quan-ly-thu-vien-online\\backend-tram-tri-thuc\\node_modules\\jsonwebtoken\\verify.js:113:19\n    at getSecret (D:\\DoAn\\quan-ly-thu-vien-online\\backend-tram-tri-thuc\\node_modules\\jsonwebtoken\\verify.js:97:14)\n    at module.exports [as verify] (D:\\DoAn\\quan-ly-thu-vien-online\\backend-tram-tri-thuc\\node_modules\\jsonwebtoken\\verify.js:101:10)\n    at exports.refreshToken (D:\\DoAn\\quan-ly-thu-vien-online\\backend-tram-tri-thuc\\src\\controller\\auth.controller.js:177:29)\n    at Layer.handle [as handle_request] (D:\\DoAn\\quan-ly-thu-vien-online\\backend-tram-tri-thuc\\node_modules\\express\\lib\\router\\layer.js:95:5)\n    at next (D:\\DoAn\\quan-ly-thu-vien-online\\backend-tram-tri-thuc\\node_modules\\express\\lib\\router\\route.js:149:13)\n    at Route.dispatch (D:\\DoAn\\quan-ly-thu-vien-online\\backend-tram-tri-thuc\\node_modules\\express\\lib\\router\\route.js:119:3)\n    at Layer.handle [as handle_request] (D:\\DoAn\\quan-ly-thu-vien-online\\backend-tram-tri-thuc\\node_modules\\express\\lib\\router\\layer.js:95:5)\n    at D:\\DoAn\\quan-ly-thu-vien-online\\backend-tram-tri-thuc\\node_modules\\express\\lib\\router\\index.js:284:15\n    at Function.process_params (D:\\DoAn\\quan-ly-thu-vien-online\\backend-tram-tri-thuc\\node_modules\\express\\lib\\router\\index.js:346:12)","timestamp":"2025-05-18 17:14:40"}
{"level":"error","message":"Refresh token error: secret or public key must be provided","name":"JsonWebTokenError","stack":"JsonWebTokenError: secret or public key must be provided\n    at D:\\DoAn\\quan-ly-thu-vien-online\\backend-tram-tri-thuc\\node_modules\\jsonwebtoken\\verify.js:113:19\n    at getSecret (D:\\DoAn\\quan-ly-thu-vien-online\\backend-tram-tri-thuc\\node_modules\\jsonwebtoken\\verify.js:97:14)\n    at module.exports [as verify] (D:\\DoAn\\quan-ly-thu-vien-online\\backend-tram-tri-thuc\\node_modules\\jsonwebtoken\\verify.js:101:10)\n    at exports.refreshToken (D:\\DoAn\\quan-ly-thu-vien-online\\backend-tram-tri-thuc\\src\\controller\\auth.controller.js:177:29)\n    at Layer.handle [as handle_request] (D:\\DoAn\\quan-ly-thu-vien-online\\backend-tram-tri-thuc\\node_modules\\express\\lib\\router\\layer.js:95:5)\n    at next (D:\\DoAn\\quan-ly-thu-vien-online\\backend-tram-tri-thuc\\node_modules\\express\\lib\\router\\route.js:149:13)\n    at Route.dispatch (D:\\DoAn\\quan-ly-thu-vien-online\\backend-tram-tri-thuc\\node_modules\\express\\lib\\router\\route.js:119:3)\n    at Layer.handle [as handle_request] (D:\\DoAn\\quan-ly-thu-vien-online\\backend-tram-tri-thuc\\node_modules\\express\\lib\\router\\layer.js:95:5)\n    at D:\\DoAn\\quan-ly-thu-vien-online\\backend-tram-tri-thuc\\node_modules\\express\\lib\\router\\index.js:284:15\n    at Function.process_params (D:\\DoAn\\quan-ly-thu-vien-online\\backend-tram-tri-thuc\\node_modules\\express\\lib\\router\\index.js:346:12)","timestamp":"2025-05-18 19:59:20"}
{"error":"jwt malformed","level":"error","message":"Lỗi xác thực","timestamp":"2025-05-19 19:07:10","token":"Bearer undefined...","url":"/api/v1/users/me"}
{"error":"jwt malformed","level":"error","message":"Lỗi xác thực","timestamp":"2025-05-19 19:07:10","token":"Bearer undefined...","url":"/api/v1/users/me"}
{"level":"error","message":"Forgot password error: sendResetPasswordEmail is not defined","stack":"ReferenceError: sendResetPasswordEmail is not defined\n    at exports.forgotPassword (D:\\DoAn\\quan-ly-thu-vien-online\\backend-tram-tri-thuc\\src\\controller\\auth.controller.js:128:9)\n    at process.processTicksAndRejections (node:internal/process/task_queues:105:5)","timestamp":"2025-05-19 20:23:55"}
{"level":"error","message":"Forgot password error: sendResetPasswordEmail is not defined","stack":"ReferenceError: sendResetPasswordEmail is not defined\n    at exports.forgotPassword (D:\\DoAn\\quan-ly-thu-vien-online\\backend-tram-tri-thuc\\src\\controller\\auth.controller.js:128:9)\n    at process.processTicksAndRejections (node:internal/process/task_queues:105:5)","timestamp":"2025-05-19 20:24:28"}
{"error":"jwt malformed","ip":"::1","level":"error","message":"Lỗi xác thực","timestamp":"2025-05-19 23:15:22","token":"Bearer undefined...","url":"/api/v1/users/me","userAgent":"Mozilla/5.0 (Windows NT 10.0; Win64; x64) AppleWebKit/537.36 (KHTML, like Gecko) Chrome/136.0.0.0 Safari/537.36"}
{"error":"jwt malformed","ip":"::1","level":"error","message":"Lỗi xác thực","timestamp":"2025-05-19 23:15:22","token":"Bearer undefined...","url":"/api/v1/users/me","userAgent":"Mozilla/5.0 (Windows NT 10.0; Win64; x64) AppleWebKit/537.36 (KHTML, like Gecko) Chrome/136.0.0.0 Safari/537.36"}
{"error":"jwt expired","ip":"::1","level":"error","message":"Lỗi xác thực","timestamp":"2025-05-20 08:43:56","token":"Bearer eyJhbGciOiJIU...","url":"/api/v1/users/me","userAgent":"Mozilla/5.0 (Windows NT 10.0; Win64; x64) AppleWebKit/537.36 (KHTML, like Gecko) Chrome/136.0.0.0 Safari/537.36"}
{"error":"jwt expired","ip":"::1","level":"error","message":"Lỗi xác thực","timestamp":"2025-05-20 08:43:56","token":"Bearer eyJhbGciOiJIU...","url":"/api/v1/users/me","userAgent":"Mozilla/5.0 (Windows NT 10.0; Win64; x64) AppleWebKit/537.36 (KHTML, like Gecko) Chrome/136.0.0.0 Safari/537.36"}
